................                                                         [100%]
16 passed in 13.80s
built dist/earcrate.py sha256 d7edaaae951e8073
{
  "authority": "Specimen identities, evidence lineage, form, answer keys, convergence reports, and Buffalo Gate receipts remain EarCrate data",
  "branch_isolation": {
    "audio": [
      "audio"
    ],
    "convergence": [
      "score",
      "audio",
      "convergence"
    ],
    "score": [
      "score"
    ]
  },
  "capability_sha256": "22cff8049f1e8e4aab9db00cb6c2db2d7415404e56400765974f2cd9b4b2e45c",
  "commands": [
    "capability",
    "children-bindings",
    "children-score",
    "gate"
  ],
  "full_gate_requires": [
    "independent audio ObservationLedger",
    "cross-modal convergence",
    "proof-carrying adjacent move with negative control",
    "sealed-rack realization",
    "review-patch selective recomputation",
    "campaign evidence that changes a later decision"
  ],
  "kind": "earcrate_buffalo_gate_capability",
  "ready": true,
  "requires_cloud": false,
  "requires_network": false,
  "schema_version": 1,
  "score_branch": {
    "custody": true,
    "exact_midi": true,
    "form_graph": true,
    "harmony_frames": true,
    "mixscore_evidence": true,
    "music_events": true,
    "performance_path": true
  },
  "specimen_ids": [
    "children_v1"
  ]
}
{
  "authority": "MixScore, source identities, event execution ledger, stems, and render receipt remain EarCrate data",
  "automation_operations": [
    "set_gain",
    "fade",
    "mute",
    "unmute",
    "set_pan",
    "set_crossfader",
    "crossfade"
  ],
  "capability_sha256": "83503cdf69c43dcccdb3ab3a60e04cb0f79f60dd188638c517ed67f803bfdb26",
  "features": {
    "bounded_loop": true,
    "cue_jump": true,
    "deck_gain_automation": true,
    "equal_power_crossfader": true,
    "event_execution_ledger": true,
    "hard_cut": true,
    "independent_playheads": true,
    "per_deck_stems": true,
    "simultaneous_decks": true,
    "source_identity_revalidation": true,
    "tempo_sync_varispeed": true
  },
  "kind": "earcrate_mix_score",
  "ok": true,
  "operations": [
    "load",
    "play",
    "stop",
    "cut",
    "jump",
    "seek",
    "loop",
    "exit_loop",
    "set_rate",
    "nudge",
    "set_gain",
    "fade",
    "mute",
    "unmute",
    "set_pan",
    "set_crossfader",
    "crossfade"
  ],
  "ready": true,
  "renderer": "deterministic_offline_n_deck_source_transport",
  "requirements": {
    "ffmpeg": true
  },
  "requires_cloud": false,
  "requires_gpu": false,
  "requires_network": false,
  "schema_version": 1,
  "time_domains": [
    "master_beat",
    "source_beat",
    "source_frame"
  ],
  "transport_operations": [
    "load",
    "play",
    "stop",
    "cut",
    "jump",
    "seek",
    "loop",
    "exit_loop",
    "set_rate",
    "nudge"
  ]
}
{
  "authority": "Specimen identities, evidence lineage, form, answer keys, convergence reports, and Buffalo Gate receipts remain EarCrate data",
  "branch_isolation": {
    "audio": [
      "audio"
    ],
    "convergence": [
      "score",
      "audio",
      "convergence"
    ],
    "score": [
      "score"
    ]
  },
  "capability_sha256": "22cff8049f1e8e4aab9db00cb6c2db2d7415404e56400765974f2cd9b4b2e45c",
  "commands": [
    "capability",
    "children-bindings",
    "children-score",
    "gate"
  ],
  "full_gate_requires": [
    "independent audio ObservationLedger",
    "cross-modal convergence",
    "proof-carrying adjacent move with negative control",
    "sealed-rack realization",
    "review-patch selective recomputation",
    "campaign evidence that changes a later decision"
  ],
  "kind": "earcrate_buffalo_gate_capability",
  "ready": true,
  "requires_cloud": false,
  "requires_network": false,
  "schema_version": 1,
  "score_branch": {
    "custody": true,
    "exact_midi": true,
    "form_graph": true,
    "harmony_frames": true,
    "mixscore_evidence": true,
    "music_events": true,
    "performance_path": true
  },
  "specimen_ids": [
    "children_v1"
  ]
}
{
  "authority": "MixScore, source identities, event execution ledger, stems, and render receipt remain EarCrate data",
  "automation_operations": [
    "set_gain",
    "fade",
    "mute",
    "unmute",
    "set_pan",
    "set_crossfader",
    "crossfade"
  ],
  "capability_sha256": "83503cdf69c43dcccdb3ab3a60e04cb0f79f60dd188638c517ed67f803bfdb26",
  "features": {
    "bounded_loop": true,
    "cue_jump": true,
    "deck_gain_automation": true,
    "equal_power_crossfader": true,
    "event_execution_ledger": true,
    "hard_cut": true,
    "independent_playheads": true,
    "per_deck_stems": true,
    "simultaneous_decks": true,
    "source_identity_revalidation": true,
    "tempo_sync_varispeed": true
  },
  "kind": "earcrate_mix_score",
  "ok": true,
  "operations": [
    "load",
    "play",
    "stop",
    "cut",
    "jump",
    "seek",
    "loop",
    "exit_loop",
    "set_rate",
    "nudge",
    "set_gain",
    "fade",
    "mute",
    "unmute",
    "set_pan",
    "set_crossfader",
    "crossfade"
  ],
  "ready": true,
  "renderer": "deterministic_offline_n_deck_source_transport",
  "requirements": {
    "ffmpeg": true
  },
  "requires_cloud": false,
  "requires_gpu": false,
  "requires_network": false,
  "schema_version": 1,
  "time_domains": [
    "master_beat",
    "source_beat",
    "source_frame"
  ],
  "transport_operations": [
    "load",
    "play",
    "stop",
    "cut",
    "jump",
    "seek",
    "loop",
    "exit_loop",
    "set_rate",
    "nudge"
  ]
}
{
  "active_components": [
    "basic-pitch",
    "mido"
  ],
  "approved_models": [],
  "component_count": 9,
  "components_sha256": "dd96e539c95a9780ec5daec5fce1860ec6fc257dcefbd70f433657af42da8eed",
  "model_count": 0,
  "models_sha256": "f58020986be3b193755df14bff9bbc490685b11980712bbd7428e6aace7aff9f",
  "ok": true
}
